
> taller-motos-frontend@0.1.0 build
> react-scripts build

npm.cmd : (node:121456) [DEP0176] DeprecationWarning: fs.F_OK is deprecated, 
use fs.constants.F_OK instead
En línea: 1 Carácter: 61
+ ... ler-motos-frontend; npm.cmd run build > build_output.log 2>&1; Get-Co ...
+                         ~~~~~~~~~~~~~~~~~~~~~~~~~~~~~~~~~~~~~~~~~
    + CategoryInfo          : NotSpecified: ((node:121456) [...ts.F_OK instead 
   :String) [], RemoteException
    + FullyQualifiedErrorId : NativeCommandError
 
(Use `node --trace-deprecation ...` to show where the warning was created)
Creating an optimized production build...
Compiled successfully.

File sizes after gzip:

  197.64 kB  build\static\js\main.ea03cab1.js
  4.83 kB    build\static\css\main.916d1631.css
  1.77 kB    build\static\js\453.ed0e5873.chunk.js

The project was built assuming it is hosted at /.
You can control this with the homepage field in your package.json.

The build folder is ready to be deployed.
You may serve it with a static server:

  npm install -g serve
  serve -s build

Find out more about deployment here:

  https://cra.link/deployment

