
> taller-motos-frontend@0.1.0 build
> react-scripts build

Creating an optimized production build...
Compiled successfully.

File sizes after gzip:

  197.89 kB  build\static\js\main.0c00840b.js
  4.25 kB    build\static\css\main.4f3bdf3d.css
  1.77 kB    build\static\js\453.ed0e5873.chunk.js

The project was built assuming it is hosted at /.
You can control this with the homepage field in your package.json.

The build folder is ready to be deployed.
You may serve it with a static server:

  npm install -g serve
  serve -s build

Find out more about deployment here:

  https://cra.link/deployment

